// Jest Snapshot v1, https://goo.gl/fbAQLP

exports[`ClassInheritance contract is converted to a valid CIBUpgradeable contract 1`] = `
"pragma solidity ^0.5.0;
import \\"@openzeppelin/upgrades/contracts/Initializable.sol\\";

contract CIAUpgradeable is Initializable {
    function initialize(uint bar) external initializer {
        __init(true, bar);
    }

    function __init(bool callChain, uint bar) internal {
        
        
        
        foo = bar;
        emit log(\\"SIA\\");
    
    }

    uint256 public foo;
    event log(string);
    
}

contract CIBUpgradeable is Initializable, CIAUpgradeable {
    function initialize() external initializer {
        __init(true);
    }

    function __init(bool callChain) internal {
        if(callChain) {
            CIAUpgradeable.__init(false, 324);
        }
        
        val = 123;
        
    }

    uint256 public val ;
}"
`;
