// Jest Snapshot v1, https://goo.gl/fbAQLP

exports[`Diamond contract is converted to a valid DCUpgradeable contract 1`] = `
"pragma solidity ^0.5.0;
import \\"@openzeppelin/upgrades/contracts/Initializable.sol\\";

contract DAUpgradeable is Initializable {
    function initialize() external initializer {
        __init(true);
    }

    function __init(bool callChain) internal {
        
        
        foo = 42;
        
        emit Log(\\"DA\\");
    
    }

    event Log(string);
    uint256 public foo ;
    
}

contract DB1Upgradeable is Initializable, DAUpgradeable {
    function initialize() external initializer {
        __init(true);
    }

    function __init(bool callChain) internal {
        if(callChain) {
            DAUpgradeable.__init(false);
        }
        
        hello = \\"hello\\";
        
        emit Log(\\"DB1\\");
    
    }

    string public hello ;
    
}

contract DB2Upgradeable is Initializable, DAUpgradeable {
    function initialize() external initializer {
        __init(true);
    }

    function __init(bool callChain) internal {
        if(callChain) {
            DAUpgradeable.__init(false);
        }
        
        bar = true;
        
        emit Log(\\"DB2\\");
    
    }

    bool public bar ;
    
}

contract DCUpgradeable is Initializable, DB2Upgradeable, DB1Upgradeable {
    function initialize() external initializer {
        __init(true);
    }

    function __init(bool callChain) internal {
        if(callChain) {
            DAUpgradeable.__init(false);
            DB2Upgradeable.__init(false);
            DB1Upgradeable.__init(false);
        }
        
        owner = address(0x123);
        
        emit Log(\\"DC\\");
    
    }

    address public owner ;
    
}"
`;
