// Jest Snapshot v1, https://goo.gl/fbAQLP

exports[`SimpleInheritance contract is converted to a valid SICUpgradeable contract 1`] = `
"pragma solidity ^0.5.0;
import \\"@openzeppelin/upgrades/contracts/Initializable.sol\\";

contract SIAUpgradeable is Initializable {
    function initialize() external initializer {
        __init(true);
    }

    function __init(bool callChain) internal {
        
        
        
        emit log(\\"SIA\\");
    
    }

    uint256 public foo;
    event log(string);
    
}

contract SIBUpgradeable is Initializable, SIAUpgradeable {
    function initialize() external initializer {
        __init(true);
    }

    function __init(bool callChain) internal {
        if(callChain) {
            SIAUpgradeable.__init(false);
        }
        
        val = 123;
        
    }

    uint256 public val ;
}

contract SICUpgradeable is Initializable, SIBUpgradeable {
    function initialize() external initializer {
        __init(true);
    }

    function __init(bool callChain) internal {
        if(callChain) {
            SIAUpgradeable.__init(false);
            SIBUpgradeable.__init(false);
        }
        
        bar = \\"hello\\";
        
        bar = \\"changed\\";
        emit log(\\"SIC\\");
    
    }

    string public bar ;
    
}"
`;
