// Jest Snapshot v1, https://goo.gl/fbAQLP

exports[`StringConstructor contract is converted to a valid StringConstructorUpgradeable contract 1`] = `
"pragma solidity ^0.5.0;
import \\"@openzeppelin/upgrades/contracts/Initializable.sol\\";

contract StringConstructorUpgradeable is Initializable {
    function initialize(string calldata message) external initializer {
        __init(true, message);
    }

    function __init(bool callChain, string memory message) internal {
        
        
        

    
    }

    
}"
`;
